** Drc report for binfohub_bridge.kicad_pcb **
** Created on 2026-10-01T17:17:46 **
** Report includes: Errors, Warnings, Exclusions **

** Found 6 DRC violations **
[track_dangling]: Track has unconnected end
    Local override; warning
    @(49.5250 mm, 28.9050 mm): Track [A_DI] on F.Cu, length 1.6950 mm
[track_dangling]: Track has unconnected end
    Local override; warning
    @(74.4750 mm, 26.3650 mm): Track [IH_B] on F.Cu, length 2.1250 mm
[track_dangling]: Track has unconnected end
    Local override; warning
    @(57.2900 mm, 53.2500 mm): Track [LED_FAULT] on F.Cu, length 1.8500 mm
[lib_footprint_mismatch]: Footprint 'ESP32-WROOM-32E_edge' does not match copy in library 'binfohub'
    Local override; warning
    @(66.0000 mm, 62.0000 mm): Footprint U1
[lib_footprint_mismatch]: Footprint 'TerminalBlock_Phoenix_MPT-0,5-2-2.54_1x02_P2.54mm_Horizontal' does not match copy in library 'TerminalBlock_Phoenix'
    Local override; warning
    @(30.5400 mm, 42.0000 mm): Footprint J5
[lib_footprint_mismatch]: Footprint 'TerminalBlock_Phoenix_MPT-0,5-2-2.54_1x02_P2.54mm_Horizontal' does not match copy in library 'TerminalBlock_Phoenix'
    Local override; warning
    @(52.5400 mm, 7.0000 mm): Footprint J2

** Found 0 unconnected pads **

** Found 0 Footprint errors **

** Ignored checks **
    - Footprint has no courtyard defined
    - Track endpoint not centered on via
    - Tuning profile track geometries
    - Footprint doesn't match symbol's footprint filters
    - Footprint component type doesn't match footprint pads

** End of Report **
